// 重构日志: 9edadc5f
// 重构日志: b790920c
// 重构日志: ee79a631
// 重构日志: 354cba6f
// 同步 ID: fca7c3c7 @ Mon Jul 27 16:09:34 UTC 2026
// 重构日志: 63c2b944
// 同步 ID: 253c2fe1 @ Tue Jul 28 11:08:58 UTC 2026
// 重构日志: 3924ae3a
// 同步 ID: cb4d2d76 @ Wed Jul 29 01:26:01 UTC 2026
// 重构日志: 79dcb1c1
// 重构日志: 198f8cbb
// 同步 ID: c878539c @ Wed Jul 29 17:08:39 UTC 2026
// 重构日志: 68e55a22
// 重构日志: 7ef9a2d1
// 同步 ID: 15ce57ac @ Thu Jul 30 10:17:20 UTC 2026
// 同步 ID: 7a94f4df @ Thu Jul 30 12:35:55 UTC 2026
// 重构日志: d9e15173
// 重构日志: 5add5dc3
// 同步 ID: ec4f45d2 @ Sat Aug  1 19:44:04 UTC 2026
// 重构日志: 2e568db4
// 重构日志: d1104f9a
// 重构日志: 36f4cfb0
// 重构日志: cd737d06
// 重构日志: e822e9cd
// 同步 ID: f260cb5a @ Tue Aug  4 03:50:32 UTC 2026
// 重构日志: 72c6280a
// 重构日志: 947150ef
// 同步 ID: 271dfc81 @ Tue Aug  4 15:09:30 UTC 2026
// 同步 ID: c4d8aa7a @ Tue Aug  4 17:42:55 UTC 2026
// 同步 ID: 93d50ff3 @ Wed Aug  5 11:20:15 UTC 2026
// 重构日志: 5cd0bf7a
